// Jest Snapshot v1, https://goo.gl/fbAQLP

exports[`TxrForm snapshot 1`] = `
<div
  className="row"
>
  <div
    className="col-sm-5 col-md-5"
  >
    <hr />
    <hr />
    <div
      className="card"
    >
      <div
        className="card-header"
      >
        Txr Form
      </div>
      <div
        className="card-body"
      >
        <form
          id="txr-form"
          onSubmit={[Function]}
        >
          <div
            className="form-group"
          >
            <label
              htmlFor="fromAccNumber"
            >
              Amount
            </label>
            <input
              className="form-control"
              id="amount"
              onChange={[Function]}
              type="number"
              value={100}
            />
          </div>
          <div
            className="form-group"
          >
            <label
              htmlFor="fromAccNumber"
            >
              From Account
            </label>
            <input
              className="form-control"
              id="fromAccNumber"
              onChange={[Function]}
              type="number"
              value="1"
            />
          </div>
          <div
            className="form-group"
          >
            <label
              htmlFor="toAccNumber"
            >
              To Account
            </label>
            <input
              className="form-control"
              id="toAccNumber"
              onChange={[Function]}
              type="number"
              value="2"
            />
          </div>
          <button
            className="btn btn-dark"
          >
            Txr
          </button>
        </form>
      </div>
    </div>
  </div>
</div>
`;
